// Jest Snapshot v1, https://goo.gl/fbAQLP

exports[`TransactionReviewEIP1559 should render correctly 1`] = `
<Summary
  style={
    Object {
      "marginHorizontal": 24,
    }
  }
>
  <SummaryRow>
    <View
      style={
        Object {
          "flex": 1,
          "flexDirection": "row",
        }
      }
    >
      <Text
        black={false}
        blue={false}
        bold={true}
        centered={false}
        disclaimer={false}
        green={false}
        link={false}
        modal={false}
        orange={false}
        primary={true}
        red={false}
        reset={false}
        right={false}
        small={false}
        strikethrough={false}
        underline={false}
        upper={false}
      >
        Estimated gas fee
        <TouchableOpacity
          hitSlop={
            Object {
              "bottom": 10,
              "left": 10,
              "right": 10,
              "top": 10,
            }
          }
          onPress={[Function]}
          style={
            Object {
              "paddingHorizontal": 2,
            }
          }
        >
          <Icon
            allowFontScaling={false}
            name="information"
            size={13}
            style={
              Object {
                "color": "#bbc0c5",
                "marginTop": 5,
              }
            }
          />
        </TouchableOpacity>
      </Text>
    </View>
    <View
      style={
        Object {
          "flex": 1,
          "flexDirection": "row",
          "justifyContent": "flex-end",
        }
      }
    >
      <SkeletonPlaceholder>
        <SkeletonPlaceholderItem
          borderRadius={4}
          height={10}
          width={80}
        />
      </SkeletonPlaceholder>
    </View>
  </SummaryRow>
  <SummaryRow>
    <View
      style={false}
    >
      <SkeletonPlaceholder>
        <SkeletonPlaceholderItem
          borderRadius={4}
          height={10}
          width={120}
        />
      </SkeletonPlaceholder>
    </View>
    <View
      style={
        Object {
          "flex": 1,
          "flexDirection": "row",
          "justifyContent": "flex-end",
        }
      }
    >
      <SkeletonPlaceholder>
        <SkeletonPlaceholderItem
          borderRadius={4}
          height={10}
          width={120}
        />
      </SkeletonPlaceholder>
    </View>
  </SummaryRow>
  <View>
    <SummarySeparator />
    <SummaryRow>
      <Text
        black={false}
        blue={false}
        bold={true}
        centered={false}
        disclaimer={false}
        green={false}
        link={false}
        modal={false}
        primary={true}
        red={false}
        reset={false}
        right={false}
        small={false}
        strikethrough={false}
        underline={false}
        upper={false}
      >
        Total
      </Text>
      <View
        style={
          Object {
            "flex": 1,
            "flexDirection": "row",
            "justifyContent": "flex-end",
          }
        }
      >
        <SkeletonPlaceholder>
          <SkeletonPlaceholderItem
            borderRadius={4}
            height={10}
            width={80}
          />
        </SkeletonPlaceholder>
      </View>
    </SummaryRow>
    <SummaryRow>
      <View
        style={
          Object {
            "flex": 1,
            "flexDirection": "row",
            "justifyContent": "flex-end",
          }
        }
      >
        <SkeletonPlaceholder>
          <SkeletonPlaceholderItem
            borderRadius={4}
            height={10}
            width={120}
          />
        </SkeletonPlaceholder>
      </View>
    </SummaryRow>
  </View>
  <InfoModal
    body={
      <View>
        <Text
          black={false}
          blue={false}
          bold={false}
          centered={false}
          disclaimer={false}
          green={false}
          infoModal={true}
          link={false}
          modal={false}
          primary={false}
          red={false}
          reset={false}
          right={false}
          small={false}
          strikethrough={false}
          underline={false}
          upper={false}
        >
          Estimated gas fee tooltip: Gas fees are paid to crypto miners who process transactions on the Ethereum network.

          MetaMask does not profit from gas fees.


          Gas fees are set by the network and fluctuate based on network traffic and transaction complexity.

        </Text>
        <TouchableOpacity
          onPress={[Function]}
        >
          <Text
            black={false}
            blue={false}
            bold={false}
            centered={false}
            disclaimer={false}
            green={false}
            link={true}
            modal={false}
            primary={false}
            red={false}
            reset={false}
            right={false}
            small={false}
            strikethrough={false}
            underline={false}
            upper={false}
          >
            Learn more about gas fees
          </Text>
        </TouchableOpacity>
      </View>
    }
    isVisible={false}
    title="Estimated gas fee tooltip"
    toggleModal={[Function]}
  />
</Summary>
`;
